Archive member included to satisfy reference by file (symbol)

c:/program files (x86)/atmel/studio/7.0/toolchain/avr8/avr8-gnu-toolchain/bin/../lib/gcc/avr/5.4.0/../../../../avr/lib/avrxmega3\libm.a(acos.o)
                              Cosmos.o (acos)
c:/program files (x86)/atmel/studio/7.0/toolchain/avr8/avr8-gnu-toolchain/bin/../lib/gcc/avr/5.4.0/../../../../avr/lib/avrxmega3\libm.a(addsf3.o)
                              Cosmos.o (__subsf3)
c:/program files (x86)/atmel/studio/7.0/toolchain/avr8/avr8-gnu-toolchain/bin/../lib/gcc/avr/5.4.0/../../../../avr/lib/avrxmega3\libm.a(addsf3x.o)
                              c:/program files (x86)/atmel/studio/7.0/toolchain/avr8/avr8-gnu-toolchain/bin/../lib/gcc/avr/5.4.0/../../../../avr/lib/avrxmega3\libm.a(acos.o) (__addsf3x)
c:/program files (x86)/atmel/studio/7.0/toolchain/avr8/avr8-gnu-toolchain/bin/../lib/gcc/avr/5.4.0/../../../../avr/lib/avrxmega3\libm.a(asin.o)
                              Cosmos.o (asin)
c:/program files (x86)/atmel/studio/7.0/toolchain/avr8/avr8-gnu-toolchain/bin/../lib/gcc/avr/5.4.0/../../../../avr/lib/avrxmega3\libm.a(atan2.o)
                              Filter.o (atan2)
c:/program files (x86)/atmel/studio/7.0/toolchain/avr8/avr8-gnu-toolchain/bin/../lib/gcc/avr/5.4.0/../../../../avr/lib/avrxmega3\libm.a(atan.o)
                              c:/program files (x86)/atmel/studio/7.0/toolchain/avr8/avr8-gnu-toolchain/bin/../lib/gcc/avr/5.4.0/../../../../avr/lib/avrxmega3\libm.a(atan2.o) (atan)
c:/program files (x86)/atmel/studio/7.0/toolchain/avr8/avr8-gnu-toolchain/bin/../lib/gcc/avr/5.4.0/../../../../avr/lib/avrxmega3\libm.a(cmpsf2.o)
                              Elevation.o (__eqsf2)
c:/program files (x86)/atmel/studio/7.0/toolchain/avr8/avr8-gnu-toolchain/bin/../lib/gcc/avr/5.4.0/../../../../avr/lib/avrxmega3\libm.a(cos.o)
                              Azimuth.o (cos)
c:/program files (x86)/atmel/studio/7.0/toolchain/avr8/avr8-gnu-toolchain/bin/../lib/gcc/avr/5.4.0/../../../../avr/lib/avrxmega3\libm.a(divsf3.o)
                              Azimuth.o (__divsf3)
c:/program files (x86)/atmel/studio/7.0/toolchain/avr8/avr8-gnu-toolchain/bin/../lib/gcc/avr/5.4.0/../../../../avr/lib/avrxmega3\libm.a(divsf3x.o)
                              c:/program files (x86)/atmel/studio/7.0/toolchain/avr8/avr8-gnu-toolchain/bin/../lib/gcc/avr/5.4.0/../../../../avr/lib/avrxmega3\libm.a(divsf3.o) (__divsf3x)
c:/program files (x86)/atmel/studio/7.0/toolchain/avr8/avr8-gnu-toolchain/bin/../lib/gcc/avr/5.4.0/../../../../avr/lib/avrxmega3\libm.a(fixsfsi.o)
                              Elevation.o (__fixsfsi)
c:/program files (x86)/atmel/studio/7.0/toolchain/avr8/avr8-gnu-toolchain/bin/../lib/gcc/avr/5.4.0/../../../../avr/lib/avrxmega3\libm.a(fixunssfsi.o)
                              Azimuth.o (__fixunssfsi)
c:/program files (x86)/atmel/studio/7.0/toolchain/avr8/avr8-gnu-toolchain/bin/../lib/gcc/avr/5.4.0/../../../../avr/lib/avrxmega3\libm.a(floatsisf.o)
                              Azimuth.o (__floatunsisf)
c:/program files (x86)/atmel/studio/7.0/toolchain/avr8/avr8-gnu-toolchain/bin/../lib/gcc/avr/5.4.0/../../../../avr/lib/avrxmega3\libm.a(floor.o)
                              Cosmos.o (floor)
c:/program files (x86)/atmel/studio/7.0/toolchain/avr8/avr8-gnu-toolchain/bin/../lib/gcc/avr/5.4.0/../../../../avr/lib/avrxmega3\libm.a(fmod.o)
                              Cosmos.o (fmod)
c:/program files (x86)/atmel/studio/7.0/toolchain/avr8/avr8-gnu-toolchain/bin/../lib/gcc/avr/5.4.0/../../../../avr/lib/avrxmega3\libm.a(fp_arccos.o)
                              c:/program files (x86)/atmel/studio/7.0/toolchain/avr8/avr8-gnu-toolchain/bin/../lib/gcc/avr/5.4.0/../../../../avr/lib/avrxmega3\libm.a(acos.o) (__fp_arccos)
c:/program files (x86)/atmel/studio/7.0/toolchain/avr8/avr8-gnu-toolchain/bin/../lib/gcc/avr/5.4.0/../../../../avr/lib/avrxmega3\libm.a(fp_cmp.o)
                              c:/program files (x86)/atmel/studio/7.0/toolchain/avr8/avr8-gnu-toolchain/bin/../lib/gcc/avr/5.4.0/../../../../avr/lib/avrxmega3\libm.a(cmpsf2.o) (__fp_cmp)
c:/program files (x86)/atmel/studio/7.0/toolchain/avr8/avr8-gnu-toolchain/bin/../lib/gcc/avr/5.4.0/../../../../avr/lib/avrxmega3\libm.a(fp_inf.o)
                              c:/program files (x86)/atmel/studio/7.0/toolchain/avr8/avr8-gnu-toolchain/bin/../lib/gcc/avr/5.4.0/../../../../avr/lib/avrxmega3\libm.a(addsf3x.o) (__fp_inf)
c:/program files (x86)/atmel/studio/7.0/toolchain/avr8/avr8-gnu-toolchain/bin/../lib/gcc/avr/5.4.0/../../../../avr/lib/avrxmega3\libm.a(fp_mintl.o)
                              c:/program files (x86)/atmel/studio/7.0/toolchain/avr8/avr8-gnu-toolchain/bin/../lib/gcc/avr/5.4.0/../../../../avr/lib/avrxmega3\libm.a(floor.o) (__fp_mintl)
c:/program files (x86)/atmel/studio/7.0/toolchain/avr8/avr8-gnu-toolchain/bin/../lib/gcc/avr/5.4.0/../../../../avr/lib/avrxmega3\libm.a(fp_mpack.o)
[...]
Memory Configuration

Name             Origin             Length             Attributes
text             0x00000000         0x00004000         xr
data             0x00803800         0x00000800         rw !x
eeprom           0x00810000         0x00000100         rw !x
fuse             0x00820000         0x0000000a         rw !x
lock             0x00830000         0x00000400         rw !x
signature        0x00840000         0x00000400         rw !x
user_signatures  0x00850000         0x00000400         rw !x
*default*        0x00000000         0xffffffff

Linker script and memory map

Address of section .data set to 0x803800
                0x00008000                __RODATA_PM_OFFSET__ = 0x8000
LOAD C:/Program Files (x86)/Atmel/Studio/7.0/Packs/atmel/ATtiny_DFP/2.0.368/gcc/dev/attiny1624/avrxmega3/crtattiny1624.o
LOAD ADC.o
LOAD Azimuth.o
LOAD Cosmos.o
LOAD Elevation.o
LOAD Filter.o
LOAD GPIO.o
LOAD main.o
LOAD RTC.o
LOAD Sensor32.o
LOAD USART.o
START GROUP
LOAD c:/program files (x86)/atmel/studio/7.0/toolchain/avr8/avr8-gnu-toolchain/bin/../lib/gcc/avr/5.4.0/../../../../avr/lib/avrxmega3\libm.a
END GROUP
LOAD c:/program files (x86)/atmel/studio/7.0/toolchain/avr8/avr8-gnu-toolchain/bin/../lib/gcc/avr/5.4.0/../../../../avr/lib/avrxmega3\libprintf_flt.a
START GROUP
LOAD c:/program files (x86)/atmel/studio/7.0/toolchain/avr8/avr8-gnu-toolchain/bin/../lib/gcc/avr/5.4.0/avrxmega3\libgcc.a
LOAD c:/program files (x86)/atmel/studio/7.0/toolchain/avr8/avr8-gnu-toolchain/bin/../lib/gcc/avr/5.4.0/../../../../avr/lib/avrxmega3\libm.a
LOAD c:/program files (x86)/atmel/studio/7.0/toolchain/avr8/avr8-gnu-toolchain/bin/../lib/gcc/avr/5.4.0/../../../../avr/lib/avrxmega3\libc.a
LOAD C:/Program Files (x86)/Atmel/Studio/7.0/Packs/atmel/ATtiny_DFP/2.0.368/gcc/dev/attiny1624/avrxmega3\libattiny1624.a
END GROUP
                [0x00000000]                __TEXT_REGION_ORIGIN__ = DEFINED (__TEXT_REGION_ORIGIN__)?__TEXT_REGION_ORIGIN__:0x0
                [0x00803800]                __DATA_REGION_ORIGIN__ = DEFINED (__DATA_REGION_ORIGIN__)?__DATA_REGION_ORIGIN__:0x802000
                [0x00004000]                __TEXT_REGION_LENGTH__ = DEFINED (__TEXT_REGION_LENGTH__)?__TEXT_REGION_LENGTH__:0x100000
                [0x00000800]                __DATA_REGION_LENGTH__ = DEFINED (__DATA_REGION_LENGTH__)?__DATA_REGION_LENGTH__:0xffa0
                [0x00000100]                __EEPROM_REGION_LENGTH__ = DEFINED (__EEPROM_REGION_LENGTH__)?__EEPROM_REGION_LENGTH__:0x10000
                [0x0000000a]                __FUSE_REGION_LENGTH__ = DEFINED (__FUSE_REGION_LENGTH__)?__FUSE_REGION_LENGTH__:0x400
                0x00000400                __LOCK_REGION_LENGTH__ = DEFINED (__LOCK_REGION_LENGTH__)?__LOCK_REGION_LENGTH__:0x400
                0x00000400                __SIGNATURE_REGION_LENGTH__ = DEFINED (__SIGNATURE_REGION_LENGTH__)?__SIGNATURE_REGION_LENGTH__:0x400
                0x00000400                __USER_SIGNATURE_REGION_LENGTH__ = DEFINED (__USER_SIGNATURE_REGION_LENGTH__)?__USER_SIGNATURE_REGION_LENGTH__:0x400
                0x00008000                __RODATA_PM_OFFSET__ = DEFINED (__RODATA_PM_OFFSET__)?__RODATA_PM_OFFSET__:0x8000

.hash
 *(.hash)

.dynsym
 *(.dynsym)

.dynstr
 *(.dynstr)

.gnu.version
 *(.gnu.version)

.gnu.version_d
 *(.gnu.version_d)

.gnu.version_r
 *(.gnu.version_r)

.rel.init
 *(.rel.init)

.rela.init
 *(.rela.init)

.rel.text
 *(.rel.text)
 *(.rel.text.*)
 *(.rel.gnu.linkonce.t*)

.rela.text
 *(.rela.text)
 *(.rela.text.*)
 *(.rela.gnu.linkonce.t*)

.rel.fini
 *(.rel.fini)

.rela.fini
 *(.rela.fini)

.rel.rodata
 *(.rel.rodata)
 *(.rel.rodata.*)
 *(.rel.gnu.linkonce.r*)

.rela.rodata
 *(.rela.rodata)
 *(.rela.rodata.*)
 *(.rela.gnu.linkonce.r*)

.rel.data
 *(.rel.data)
 *(.rel.data.*)
 *(.rel.gnu.linkonce.d*)

.rela.data
 *(.rela.data)
 *(.rela.data.*)
 *(.rela.gnu.linkonce.d*)

.rel.ctors
 *(.rel.ctors)

.rela.ctors
 *(.rela.ctors)

.rel.dtors
 *(.rel.dtors)

.rela.dtors
 *(.rela.dtors)

.rel.got
 *(.rel.got)

.rela.got
 *(.rela.got)

.rel.bss
 *(.rel.bss)

.rela.bss
 *(.rela.bss)

.rel.plt
 *(.rel.plt)

.rela.plt
 *(.rela.plt)

.text           0x00000000     0x35f6
 *(.vectors)
 .vectors       0x00000000       0x78 C:/Program Files (x86)/Atmel/Studio/7.0/Packs/atmel/ATtiny_DFP/2.0.368/gcc/dev/attiny1624/avrxmega3/crtattiny1624.o
                0x00000000                __vector_default
                0x00000000                __vectors
 *(.vectors)
 *(.progmem.gcc*)
 .progmem.gcc_fplib
                0x00000078       0x14 c:/program files (x86)/atmel/studio/7.0/toolchain/avr8/avr8-gnu-toolchain/bin/../lib/gcc/avr/5.4.0/../../../../avr/lib/avrxmega3\libm.a(asin.o)
 .progmem.gcc_fplib
                0x0000008c       0x2d c:/program files (x86)/atmel/studio/7.0/toolchain/avr8/avr8-gnu-toolchain/bin/../lib/gcc/avr/5.4.0/../../../../avr/lib/avrxmega3\libm.a(atan.o)
 .progmem.gcc_fplib
                0x000000b9       0x28 c:/program files (x86)/atmel/studio/7.0/toolchain/avr8/avr8-gnu-toolchain/bin/../lib/gcc/avr/5.4.0/../../../../avr/lib/avrxmega3\libm.a(fp_arccos.o)
 .progmem.gcc_fplib
                0x000000e1       0x1e c:/program files (x86)/atmel/studio/7.0/toolchain/avr8/avr8-gnu-toolchain/bin/../lib/gcc/avr/5.4.0/../../../../avr/lib/avrxmega3\libm.a(fp_sinus.o)
 .progmem.gcc_fplib
                0x000000ff       0x23 c:/program files (x86)/atmel/studio/7.0/toolchain/avr8/avr8-gnu-toolchain/bin/../lib/gcc/avr/5.4.0/../../../../avr/lib/avrxmega3\libm.a(tan.o)
                0x00000122                . = ALIGN (0x2)
                0x00000122                __trampolines_start = .
 *(.trampolines)
 .trampolines   0x00000122        0x0 linker stubs
 *(.trampolines*)
                0x00000122                __trampolines_end = .
 *libprintf_flt.a:*(.progmem.data)
 .progmem.data  0x00000122        0x8 c:/program files (x86)/atmel/studio/7.0/toolchain/avr8/avr8-gnu-toolchain/bin/../lib/gcc/avr/5.4.0/../../../../avr/lib/avrxmega3\libprintf_flt.a(vfprintf_flt.o)
 *libc.a:*(.progmem.data)
 .progmem.data  0x0000012a       0xfa c:/program files (x86)/atmel/studio/7.0/toolchain/avr8/avr8-gnu-toolchain/bin/../lib/gcc/avr/5.4.0/../../../../avr/lib/avrxmega3\libc.a(ftoa_engine.o)
 *(.progmem*)
                0x00000224                . = ALIGN (0x2)
 *(.jumptables)
 *(.jumptables*)
 *(.lowtext)
 *(.lowtext*)
                0x00000224                __ctors_start = .
 *(.ctors)
                0x00000224                __ctors_end = .
                0x00000224                __dtors_start = .
 *(.dtors)
                0x00000224                __dtors_end = .
 SORT(*)(.ctors)
 SORT(*)(.dtors)
 *(.init0)
 .init0         0x00000224        0x0 C:/Program Files (x86)/Atmel/Studio/7.0/Packs/atmel/ATtiny_DFP/2.0.368/gcc/dev/attiny1624/avrxmega3/crtattiny1624.o
                0x00000224                __init
 *(.init0)
 *(.init1)
 *(.init1)
 *(.init2)
 .init2         0x00000224        0xc C:/Program Files (x86)/Atmel/Studio/7.0/Packs/atmel/ATtiny_DFP/2.0.368/gcc/dev/attiny1624/avrxmega3/crtattiny1624.o
 *(.init2)
 *(.init3)
 *(.init3)
 *(.init4)
 .init4         0x00000230       0x16 c:/program files (x86)/atmel/studio/7.0/toolchain/avr8/avr8-gnu-toolchain/bin/../lib/gcc/avr/5.4.0/avrxmega3\libgcc.a(_copy_data.o)
                0x00000230                __do_copy_data
 .init4         0x00000246       0x10 c:/program files (x86)/atmel/studio/7.0/toolchain/avr8/avr8-gnu-toolchain/bin/../lib/gcc/avr/5.4.0/avrxmega3\libgcc.a(_clear_bss.o)
                0x00000246                __do_clear_bss
 *(.init4)
 *(.init5)
 *(.init5)
 *(.init6)
 *(.init6)
 *(.init7)
 *(.init7)
 *(.init8)
 *(.init8)
 *(.init9)
 .init9         0x00000256        0x8 C:/Program Files (x86)/Atmel/Studio/7.0/Packs/atmel/ATtiny_DFP/2.0.368/gcc/dev/attiny1624/avrxmega3/crtattiny1624.o
 *(.init9)
 *(.text)
 .text          0x0000025e        0x4 C:/Program Files (x86)/Atmel/Studio/7.0/Packs/atmel/ATtiny_DFP/2.0.368/gcc/dev/attiny1624/avrxmega3/crtattiny1624.o
                0x0000025e                __vector_22
                0x0000025e                __vector_28
                0x0000025e                __vector_1
                0x0000025e                __vector_24
                0x0000025e                __vector_12
                0x0000025e                __bad_interrupt
                0x0000025e                __vector_6
                0x0000025e                __vector_23
                0x0000025e                __vector_25
                0x0000025e                __vector_11
                0x0000025e                __vector_13
                0x0000025e                __vector_17
                0x0000025e                __vector_19
                0x0000025e                __vector_7
                0x0000025e                __vector_27
                0x0000025e                __vector_5
                0x0000025e                __vector_4
                0x0000025e                __vector_9
                0x0000025e                __vector_2
                0x0000025e                __vector_21
                0x0000025e                __vector_15
                0x0000025e                __vector_29
                0x0000025e                __vector_8
                0x0000025e                __vector_26
                0x0000025e                __vector_14
                0x0000025e                __vector_10
                0x0000025e                __vector_16
                0x0000025e                __vector_18
                0x0000025e                __vector_20
                0x00000262                . = ALIGN (0x2)
 *(.text.*)
 .text.ADC0_init
                0x00000262       0x30 ADC.o
                0x00000262                ADC0_init
 .text.ADC0_Read
                0x00000292       0x2c ADC.o
                0x00000292                ADC0_Read
 .text.is_daylight_saving_time
                0x000002be       0xa2 Cosmos.o
                0x000002be                is_daylight_saving_time
 .text.calculate_julian_day
                0x00000360      0x174 Cosmos.o
                0x00000360                calculate_julian_day
 .text.calculate_solar_mean_anomaly
                0x000004d4       0x56 Cosmos.o
                0x000004d4                calculate_solar_mean_anomaly
 .text.calculate_true_anomaly
                0x0000052a      0x126 Cosmos.o
                0x0000052a                calculate_true_anomaly
 .text.calculate_solar_apparent_longitude
                0x00000650       0x8a Cosmos.o
                0x00000650                calculate_solar_apparent_longitude
 .text.calculate_obliquity_of_ecliptic
                0x000006da       0x86 Cosmos.o
                0x000006da                calculate_obliquity_of_ecliptic
 .text.calculate_solar_declination
                0x00000760       0x6e Cosmos.o
                0x00000760                calculate_solar_declination
 .text.calculate_atmospheric_refraction
                0x000007ce       0x7a Cosmos.o
                0x000007ce                calculate_atmospheric_refraction
 .text.calculate_solar_position
                0x00000848      0x492 Cosmos.o
                0x00000848                calculate_solar_position
 .text.azel     0x00000cda      0xcf0 Elevation.o
                0x00000cda                azel
 .text.azimuth_average_angle
                0x000019ca      0x230 Filter.o
                0x000019ca                azimuth_average_angle
 .text.GPIO_init
                0x00001bfa       0x44 GPIO.o
                0x00001bfa                GPIO_init
 .text.main     0x00001c3e      0x120 main.o
                0x00001c3e                main
 .text.isLeapYear
                0x00001d5e       0x6e RTC.o
                0x00001d5e                isLeapYear
 .text.RTC_init
                0x00001dcc       0x1e RTC.o
                0x00001dcc                RTC_init
 .text.__vector_3
                0x00001dea       0xcc RTC.o
                0x00001dea                __vector_3
 .text.level    0x00001eb6       0x4e Sensor32.o
                0x00001eb6                level
 .text.ReadSensorsValues
                0x00001f04      0x1ce Sensor32.o
                0x00001f04                ReadSensorsValues
 .text.USART0_init
                0x000020d2       0x26 USART.o
                0x000020d2                USART0_init
 .text.USART0_sendChar
                0x000020f8        0xe USART.o
                0x000020f8                USART0_sendChar
 .text.USART0_printChar
                0x00002106        0xa USART.o
                0x00002106                USART0_printChar
 .text.avr-libc.fplib
                0x00002110       0x22 c:/program files (x86)/atmel/studio/7.0/toolchain/avr8/avr8-gnu-toolchain/bin/../lib/gcc/avr/5.4.0/../../../../avr/lib/avrxmega3\libm.a(acos.o)
                0x00002110                acos
 .text.avr-libc.fplib
                0x00002132        0xe c:/program files (x86)/atmel/studio/7.0/toolchain/avr8/avr8-gnu-toolchain/bin/../lib/gcc/avr/5.4.0/../../../../avr/lib/avrxmega3\libm.a(addsf3.o)
                0x00002132                __subsf3
                0x00002134                __addsf3
 .text.avr-libc.fplib
                0x00002140       0xcc c:/program files (x86)/atmel/studio/7.0/toolchain/avr8/avr8-gnu-toolchain/bin/../lib/gcc/avr/5.4.0/../../../../avr/lib/avrxmega3\libm.a(addsf3x.o)
                0x00002162                __addsf3x
 .text.avr-libc.fplib
                0x0000220c       0x36 c:/program files (x86)/atmel/studio/7.0/toolchain/avr8/avr8-gnu-toolchain/bin/../lib/gcc/avr/5.4.0/../../../../avr/lib/avrxmega3\libm.a(asin.o)
                0x0000220c                asin
 .text.avr-libc.fplib
                0x00002242       0x86 c:/program files (x86)/atmel/studio/7.0/toolchain/avr8/avr8-gnu-toolchain/bin/../lib/gcc/avr/5.4.0/../../../../avr/lib/avrxmega3\libm.a(atan2.o)
                0x00002268                atan2
 .text.avr-libc.fplib
                0x000022c8       0x5e c:/program files (x86)/atmel/studio/7.0/toolchain/avr8/avr8-gnu-toolchain/bin/../lib/gcc/avr/5.4.0/../../../../avr/lib/avrxmega3\libm.a(atan.o)
                0x000022c8                atan
 .text.avr-libc.fplib
                0x00002326        0xa c:/program files (x86)/atmel/studio/7.0/toolchain/avr8/avr8-gnu-toolchain/bin/../lib/gcc/avr/5.4.0/../../../../avr/lib/avrxmega3\libm.a(cmpsf2.o)
                0x00002326                __nesf2
                0x00002326                __eqsf2
                0x00002326                __cmpsf2
                0x00002326                __ltsf2
                0x00002326                __lesf2
 .text.avr-libc.fplib
                0x00002330        0xa c:/program files (x86)/atmel/studio/7.0/toolchain/avr8/avr8-gnu-toolchain/bin/../lib/gcc/avr/5.4.0/../../../../avr/lib/avrxmega3\libm.a(cos.o)
                0x00002330                cos
 .text.avr-libc.fplib
                0x0000233a        0x8 c:/program files (x86)/atmel/studio/7.0/toolchain/avr8/avr8-gnu-toolchain/bin/../lib/gcc/avr/5.4.0/../../../../avr/lib/avrxmega3\libm.a(divsf3.o)
                0x0000233a                __divsf3
 .text.avr-libc.fplib
                0x00002342       0xdc c:/program files (x86)/atmel/studio/7.0/toolchain/avr8/avr8-gnu-toolchain/bin/../lib/gcc/avr/5.4.0/../../../../avr/lib/avrxmega3\libm.a(divsf3x.o)
                0x00002362                __divsf3x
                0x00002368                __divsf3_pse
 .text.avr-libc.fplib
                0x0000241e        0xe c:/program files (x86)/atmel/studio/7.0/toolchain/avr8/avr8-gnu-toolchain/bin/../lib/gcc/avr/5.4.0/../../../../avr/lib/avrxmega3\libm.a(fixsfsi.o)
                0x0000241e                __fixsfsi
 .text.avr-libc.fplib
                0x0000242c       0x5e c:/program files (x86)/atmel/studio/7.0/toolchain/avr8/avr8-gnu-toolchain/bin/../lib/gcc/avr/5.4.0/../../../../avr/lib/avrxmega3\libm.a(fixunssfsi.o)
                0x0000242c                __fixunssfsi
 .text.avr-libc.fplib
                0x0000248a       0x7a c:/program files (x86)/atmel/studio/7.0/toolchain/avr8/avr8-gnu-toolchain/bin/../lib/gcc/avr/5.4.0/../../../../avr/lib/avrxmega3\libm.a(floatsisf.o)
                0x0000248a                __floatunsisf
                0x0000248e                __floatsisf
 .text.avr-libc.fplib
                0x00002504       0x2e c:/program files (x86)/atmel/studio/7.0/toolchain/avr8/avr8-gnu-toolchain/bin/../lib/gcc/avr/5.4.0/../../../../avr/lib/avrxmega3\libm.a(floor.o)
                0x00002504                floor
 .text.avr-libc.fplib
                0x00002532       0xa8 c:/program files (x86)/atmel/studio/7.0/toolchain/avr8/avr8-gnu-toolchain/bin/../lib/gcc/avr/5.4.0/../../../../avr/lib/avrxmega3\libm.a(fmod.o)
                0x00002548                fmod
 .text.avr-libc.fplib
                0x000025da       0x40 c:/program files (x86)/atmel/studio/7.0/toolchain/avr8/avr8-gnu-toolchain/bin/../lib/gcc/avr/5.4.0/../../../../avr/lib/avrxmega3\libm.a(fp_arccos.o)
                0x000025da                __fp_arccos
 .text.avr-libc.fplib
                0x0000261a       0x48 c:/program files (x86)/atmel/studio/7.0/toolchain/avr8/avr8-gnu-toolchain/bin/../lib/gcc/avr/5.4.0/../../../../avr/lib/avrxmega3\libm.a(fp_cmp.o)
                0x0000261a                __fp_cmp
 .text.avr-libc.fplib
                0x00002662        0xc c:/program files (x86)/atmel/studio/7.0/toolchain/avr8/avr8-gnu-toolchain/bin/../lib/gcc/avr/5.4.0/../../../../avr/lib/avrxmega3\libm.a(fp_inf.o)
                0x00002662                __fp_inf
 .text.avr-libc.fplib
                0x0000266e       0x36 c:/program files (x86)/atmel/studio/7.0/toolchain/avr8/avr8-gnu-toolchain/bin/../lib/gcc/avr/5.4.0/../../../../avr/lib/avrxmega3\libm.a(fp_mintl.o)
                0x0000266e                __fp_mintl
 .text.avr-libc.fplib
                0x000026a4       0x1c c:/program files (x86)/atmel/studio/7.0/toolchain/avr8/avr8-gnu-toolchain/bin/../lib/gcc/avr/5.4.0/../../../../avr/lib/avrxmega3\libm.a(fp_mpack.o)
                0x000026a4                __fp_mpack
                0x000026a8                __fp_mpack_finite
 .text.avr-libc.fplib
                0x000026c0        0x6 c:/program files (x86)/atmel/studio/7.0/toolchain/avr8/avr8-gnu-toolchain/bin/../lib/gcc/avr/5.4.0/../../../../avr/lib/avrxmega3\libm.a(fp_nan.o)
                0x000026c0                __fp_nan
 .text.avr-libc.fplib
                0x000026c6       0x4e c:/program files (x86)/atmel/studio/7.0/toolchain/avr8/avr8-gnu-toolchain/bin/../lib/gcc/avr/5.4.0/../../../../avr/lib/avrxmega3\libm.a(fp_powser.o)
                0x000026c6                __fp_powser
 .text.avr-libc.fplib
                0x00002714       0x28 c:/program files (x86)/atmel/studio/7.0/toolchain/avr8/avr8-gnu-toolchain/bin/../lib/gcc/avr/5.4.0/../../../../avr/lib/avrxmega3\libm.a(fp_powsodd.o)
                0x00002714                __fp_powsodd
 .text.avr-libc.fplib
                0x0000273c        0xe c:/program files (x86)/atmel/studio/7.0/toolchain/avr8/avr8-gnu-toolchain/bin/../lib/gcc/avr/5.4.0/../../../../avr/lib/avrxmega3\libm.a(fp_pscA.o)
                0x0000273c                __fp_pscA
 .text.avr-libc.fplib
                0x0000274a        0xe c:/program files (x86)/atmel/studio/7.0/toolchain/avr8/avr8-gnu-toolchain/bin/../lib/gcc/avr/5.4.0/../../../../avr/lib/avrxmega3\libm.a(fp_pscB.o)
                0x0000274a                __fp_pscB
 .text.avr-libc.fplib
                0x00002758       0x56 c:/program files (x86)/atmel/studio/7.0/toolchain/avr8/avr8-gnu-toolchain/bin/../lib/gcc/avr/5.4.0/../../../../avr/lib/avrxmega3\libm.a(fp_rempio2.o)
                0x0000275c                __fp_rempio2
 .text.avr-libc.fplib
                0x000027ae       0x22 c:/program files (x86)/atmel/studio/7.0/toolchain/avr8/avr8-gnu-toolchain/bin/../lib/gcc/avr/5.4.0/../../../../avr/lib/avrxmega3\libm.a(fp_round.o)
                0x000027ae                __fp_round
 .text.avr-libc.fplib
                0x000027d0       0x28 c:/program files (x86)/atmel/studio/7.0/toolchain/avr8/avr8-gnu-toolchain/bin/../lib/gcc/avr/5.4.0/../../../../avr/lib/avrxmega3\libm.a(fp_sinus.o)
                0x000027d0                __fp_sinus
 .text.avr-libc.fplib
                0x000027f8       0x44 c:/program files (x86)/atmel/studio/7.0/toolchain/avr8/avr8-gnu-toolchain/bin/../lib/gcc/avr/5.4.0/../../../../avr/lib/avrxmega3\libm.a(fp_split3.o)
                0x000027f8                __fp_split3
                0x00002808                __fp_splitA
 .text.avr-libc.fplib
                0x0000283c       0x30 c:/program files (x86)/atmel/studio/7.0/toolchain/avr8/avr8-gnu-toolchain/bin/../lib/gcc/avr/5.4.0/../../../../avr/lib/avrxmega3\libm.a(fp_trunc.o)
                0x0000283c                __fp_trunc
 .text.avr-libc.fplib
                0x0000286c        0xe c:/program files (x86)/atmel/studio/7.0/toolchain/avr8/avr8-gnu-toolchain/bin/../lib/gcc/avr/5.4.0/../../../../avr/lib/avrxmega3\libm.a(fp_zero.o)
                0x0000286c                __fp_zero
                0x0000286e                __fp_szero
 .text.avr-libc.fplib
                0x0000287a        0xa c:/program files (x86)/atmel/studio/7.0/toolchain/avr8/avr8-gnu-toolchain/bin/../lib/gcc/avr/5.4.0/../../../../avr/lib/avrxmega3\libm.a(gesf2.o)
                0x0000287a                __gesf2
                0x0000287a                __gtsf2
 .text.avr-libc.fplib
                0x00002884       0x10 c:/program files (x86)/atmel/studio/7.0/toolchain/avr8/avr8-gnu-toolchain/bin/../lib/gcc/avr/5.4.0/../../../../avr/lib/avrxmega3\libm.a(inverse.o)
                0x00002884                inverse
 .text.avr-libc.fplib
                0x00002894        0x8 c:/program files (x86)/atmel/studio/7.0/toolchain/avr8/avr8-gnu-toolchain/bin/../lib/gcc/avr/5.4.0/../../../../avr/lib/avrxmega3\libm.a(mulsf3.o)
                0x00002894                __mulsf3
 .text.avr-libc.fplib
                0x0000289c       0xd2 c:/program files (x86)/atmel/studio/7.0/toolchain/avr8/avr8-gnu-toolchain/bin/../lib/gcc/avr/5.4.0/../../../../avr/lib/avrxmega3\libm.a(mulsf3x.o)
                0x000028ba                __mulsf3x
                0x000028c0                __mulsf3_pse
 .text.avr-libc.fplib
                0x0000296e       0x10 c:/program files (x86)/atmel/studio/7.0/toolchain/avr8/avr8-gnu-toolchain/bin/../lib/gcc/avr/5.4.0/../../../../avr/lib/avrxmega3\libm.a(sin.o)
                0x0000296e                sin
 .text.avr-libc.fplib
                0x0000297e       0x8c c:/program files (x86)/atmel/studio/7.0/toolchain/avr8/avr8-gnu-toolchain/bin/../lib/gcc/avr/5.4.0/../../../../avr/lib/avrxmega3\libm.a(sqrt.o)
                0x0000298a                sqrtf
                0x0000298a                sqrt
 .text.avr-libc.fplib
                0x00002a0a        0x8 c:/program files (x86)/atmel/studio/7.0/toolchain/avr8/avr8-gnu-toolchain/bin/../lib/gcc/avr/5.4.0/../../../../avr/lib/avrxmega3\libm.a(square.o)
                0x00002a0a                square
 .text.avr-libc.fplib
                0x00002a12       0x4a c:/program files (x86)/atmel/studio/7.0/toolchain/avr8/avr8-gnu-toolchain/bin/../lib/gcc/avr/5.4.0/../../../../avr/lib/avrxmega3\libm.a(tan.o)
                0x00002a12                tan
 .text.avr-libc.fplib
                0x00002a5c        0xe c:/program files (x86)/atmel/studio/7.0/toolchain/avr8/avr8-gnu-toolchain/bin/../lib/gcc/avr/5.4.0/../../../../avr/lib/avrxmega3\libm.a(fp_norm2.o)
                0x00002a5c                __fp_norm2
 .text.avr-libc
                0x00002a6a      0x6fa c:/program files (x86)/atmel/studio/7.0/toolchain/avr8/avr8-gnu-toolchain/bin/../lib/gcc/avr/5.4.0/../../../../avr/lib/avrxmega3\libprintf_flt.a(vfprintf_flt.o)
                0x00002a6a                vfprintf
 .text.libgcc.div
                0x00003164       0x28 c:/program files (x86)/atmel/studio/7.0/toolchain/avr8/avr8-gnu-toolchain/bin/../lib/gcc/avr/5.4.0/avrxmega3\libgcc.a(_divmodhi4.o)
                0x00003164                _div
                0x00003164                __divmodhi4
 .text.libgcc.div
                0x0000318c       0x44 c:/program files (x86)/atmel/studio/7.0/toolchain/avr8/avr8-gnu-toolchain/bin/../lib/gcc/avr/5.4.0/avrxmega3\libgcc.a(_udivmodsi4.o)
                0x0000318c                __udivmodsi4
 .text.libgcc.div
                0x000031d0       0x2e c:/program files (x86)/atmel/studio/7.0/toolchain/avr8/avr8-gnu-toolchain/bin/../lib/gcc/avr/5.4.0/avrxmega3\libgcc.a(_divmodsi4.o)
                0x000031d0                __divmodsi4
 .text.libgcc.div
                0x000031fe       0x10 c:/program files (x86)/atmel/studio/7.0/toolchain/avr8/avr8-gnu-toolchain/bin/../lib/gcc/avr/5.4.0/avrxmega3\libgcc.a(_negsi2.o)
                0x000031fe                __negsi2
 .text.libgcc.mul
                0x0000320e       0x1e c:/program files (x86)/atmel/studio/7.0/toolchain/avr8/avr8-gnu-toolchain/bin/../lib/gcc/avr/5.4.0/avrxmega3\libgcc.a(_umulhisi3.o)
                0x0000320e                __umulhisi3
 .text.libgcc.prologue
                0x0000322c       0x32 c:/program files (x86)/atmel/studio/7.0/toolchain/avr8/avr8-gnu-toolchain/bin/../lib/gcc/avr/5.4.0/avrxmega3\libgcc.a(_prologue.o)
                0x0000322c                __prologue_saves__
 .text.libgcc.prologue
                0x0000325e       0x30 c:/program files (x86)/atmel/studio/7.0/toolchain/avr8/avr8-gnu-toolchain/bin/../lib/gcc/avr/5.4.0/avrxmega3\libgcc.a(_epilogue.o)
                0x0000325e                __epilogue_restores__
 .text.libgcc.div
                0x0000328e       0x28 c:/program files (x86)/atmel/studio/7.0/toolchain/avr8/avr8-gnu-toolchain/bin/../lib/gcc/avr/5.4.0/avrxmega3\libgcc.a(_udivmodhi4.o)
                0x0000328e                __udivmodhi4
 .text.avr-libc
                0x000032b6      0x1b0 c:/program files (x86)/atmel/studio/7.0/toolchain/avr8/avr8-gnu-toolchain/bin/../lib/gcc/avr/5.4.0/../../../../avr/lib/avrxmega3\libc.a(ftoa_engine.o)
                0x000032b6                __ftoa_engine
 .text.avr-libc
                0x00003466       0x16 c:/program files (x86)/atmel/studio/7.0/toolchain/avr8/avr8-gnu-toolchain/bin/../lib/gcc/avr/5.4.0/../../../../avr/lib/avrxmega3\libc.a(strnlen_P.o)
                0x00003466                strnlen_P
 .text.avr-libc
                0x0000347c       0x16 c:/program files (x86)/atmel/studio/7.0/toolchain/avr8/avr8-gnu-toolchain/bin/../lib/gcc/avr/5.4.0/../../../../avr/lib/avrxmega3\libc.a(strnlen.o)
                0x0000347c                strnlen
 .text.avr-libc
                0x00003492       0x78 c:/program files (x86)/atmel/studio/7.0/toolchain/avr8/avr8-gnu-toolchain/bin/../lib/gcc/avr/5.4.0/../../../../avr/lib/avrxmega3\libc.a(fputc.o)
                0x00003492                fputc
 .text.avr-libc
                0x0000350a       0x2c c:/program files (x86)/atmel/studio/7.0/toolchain/avr8/avr8-gnu-toolchain/bin/../lib/gcc/avr/5.4.0/../../../../avr/lib/avrxmega3\libc.a(printf.o)
                0x0000350a                printf
 .text.avr-libc
                0x00003536       0xbc c:/program files (x86)/atmel/studio/7.0/toolchain/avr8/avr8-gnu-toolchain/bin/../lib/gcc/avr/5.4.0/../../../../avr/lib/avrxmega3\libc.a(ultoa_invert.o)
                0x00003536                __ultoa_invert
                0x000035f2                . = ALIGN (0x2)
 *(.fini9)
 .fini9         0x000035f2        0x0 c:/program files (x86)/atmel/studio/7.0/toolchain/avr8/avr8-gnu-toolchain/bin/../lib/gcc/avr/5.4.0/avrxmega3\libgcc.a(_exit.o)
                0x000035f2                _exit
                0x000035f2                exit
 *(.fini9)
 *(.fini8)
 *(.fini8)
 *(.fini7)
 *(.fini7)
 *(.fini6)
 *(.fini6)
 *(.fini5)
 *(.fini5)
 *(.fini4)
 *(.fini4)
 *(.fini3)
 *(.fini3)
 *(.fini2)
 *(.fini2)
 *(.fini1)
 *(.fini1)
 *(.fini0)
 .fini0         0x000035f2        0x4 c:/program files (x86)/atmel/studio/7.0/toolchain/avr8/avr8-gnu-toolchain/bin/../lib/gcc/avr/5.4.0/avrxmega3\libgcc.a(_exit.o)
 *(.fini0)
                0x000035f6                _etext = .

.rodata         0x0000b5f6       0x84 load address 0x000035f6
 *(.rodata)
 .rodata        0x0000b5f6        0xa Elevation.o
 .rodata        0x0000b600        0x8 Filter.o
 *(.rodata*)
 .rodata.str1.1
                0x0000b608       0x66 main.o
 .rodata.daysInMonth
                0x0000b66e        0xc RTC.o
                0x0000b66e                daysInMonth
 *(.gnu.linkonce.r*)

.data           0x00803800      0x14a load address 0x0000367a
                0x00803800                PROVIDE (__data_start, .)
 *(.data)
 *(.data*)
 .data.solar_params
                0x00803800       0x18 Cosmos.o
                0x00803800                solar_params
 .data.ELEVATION
                0x00803818       0x13 Filter.o
                0x00803818                ELEVATION
 .data.AZIMUTH  0x0080382b       0x13 Filter.o
                0x0080382b                AZIMUTH
 .data.currentTime
                0x0080383e        0x7 RTC.o
                0x0080383e                currentTime
 .data.fifth    0x00803845        0xe Sensor32.o
                0x00803845                fifth
 .data.fourth   0x00803853        0xe Sensor32.o
                0x00803853                fourth
 .data.third    0x00803861        0xe Sensor32.o
                0x00803861                third
 .data.second   0x0080386f        0xe Sensor32.o
                0x0080386f                second
 .data.first    0x0080387d        0xe Sensor32.o
                0x0080387d                first
 .data.sensor_placement1
                0x0080388b       0x10 Sensor32.o
                0x0080388b                sensor_placement1
 .data.sensor_placement0
                0x0080389b       0x10 Sensor32.o
                0x0080389b                sensor_placement0
 .data.angles_el
                0x008038ab       0x10 Sensor32.o
                0x008038ab                angles_el
 .data.angles_3
                0x008038bb        0x4 Sensor32.o
                0x008038bb                angles_3
 .data.angles_2
                0x008038bf       0x10 Sensor32.o
                0x008038bf                angles_2
 .data.angles_1
                0x008038cf       0x30 Sensor32.o
                0x008038cf                angles_1
 .data.angles_0
                0x008038ff       0x3c Sensor32.o
                0x008038ff                angles_0
 .data.USART_stream
                0x0080393b        0xe USART.o
 *(.gnu.linkonce.d*)
                0x0080394a                . = ALIGN (0x2)
 *fill*         0x00803949        0x1 
                0x0080394a                _edata = .
                0x0080394a                PROVIDE (__data_end, .)

.bss            0x0080394a       0x76
                0x0080394a                PROVIDE (__bss_start, .)
 *(.bss)
 *(.bss*)
 .bss.elevation_storage
                0x0080394a       0x14 Filter.o
                0x0080394a                elevation_storage
 .bss.azimuth_storage
                0x0080395e       0x14 Filter.o
                0x0080395e                azimuth_storage
 .bss.sensor_top_of_rows
                0x00803972        0x8 Sensor32.o
                0x00803972                sensor_top_of_rows
 .bss.sensor_data
                0x0080397a       0x40 Sensor32.o
                0x0080397a                sensor_data
 *(COMMON)
 COMMON         0x008039ba        0x6 c:/program files (x86)/atmel/studio/7.0/toolchain/avr8/avr8-gnu-toolchain/bin/../lib/gcc/avr/5.4.0/../../../../avr/lib/avrxmega3\libc.a(iob.o)
                0x008039ba                __iob
                0x008039c0                PROVIDE (__bss_end, .)
                0x0000367a                __data_load_start = LOADADDR (.data)
                0x000037c4                __data_load_end = (__data_load_start + SIZEOF (.data))

.noinit         0x008039c0        0x0
                [!provide]                PROVIDE (__noinit_start, .)
 *(.noinit*)
                [!provide]                PROVIDE (__noinit_end, .)
                0x008039c0                _end = .
                [!provide]                PROVIDE (__heap_start, .)

.eeprom         0x00810000        0x0
 *(.eeprom*)
                0x00810000                __eeprom_end = .

.fuse
 *(.fuse)
 *(.lfuse)
 *(.hfuse)
 *(.efuse)

.lock
 *(.lock*)

.signature
 *(.signature*)

.user_signatures
 *(.user_signatures*)

.stab
 *(.stab)

.stabstr
 *(.stabstr)

.stab.excl
 *(.stab.excl)

.stab.exclstr
 *(.stab.exclstr)

.stab.index
 *(.stab.index)

.stab.indexstr
 *(.stab.indexstr)

.comment        0x00000000       0x5c
 *(.comment)
 .comment       0x00000000       0x30 ADC.o
                                 0x31 (size before relaxing)
 .comment       0x00000030       0x31 Cosmos.o
 .comment       0x00000030       0x31 Elevation.o
 .comment       0x00000030       0x31 Filter.o
 .comment       0x00000030       0x31 GPIO.o
 .comment       0x00000030       0x31 main.o
 .comment       0x00000030       0x31 RTC.o
 .comment       0x00000030       0x31 Sensor32.o
 .comment       0x00000030       0x31 USART.o
 .comment       0x00000030       0x2c c:/program files (x86)/atmel/studio/7.0/toolchain/avr8/avr8-gnu-toolchain/bin/../lib/gcc/avr/5.4.0/../../../../avr/lib/avrxmega3\libprintf_flt.a(vfprintf_flt.o)
                                 0x2d (size before relaxing)
 .comment       0x0000005c       0x31 c:/program files (x86)/atmel/studio/7.0/toolchain/avr8/avr8-gnu-toolchain/bin/../lib/gcc/avr/5.4.0/../../../../avr/lib/avrxmega3\libc.a(fputc.o)
 .comment       0x0000005c       0x31 c:/program files (x86)/atmel/studio/7.0/toolchain/avr8/avr8-gnu-toolchain/bin/../lib/gcc/avr/5.4.0/../../../../avr/lib/avrxmega3\libc.a(iob.o)
 .comment       0x0000005c       0x31 c:/program files (x86)/atmel/studio/7.0/toolchain/avr8/avr8-gnu-toolchain/bin/../lib/gcc/avr/5.4.0/../../../../avr/lib/avrxmega3\libc.a(printf.o)

.note.gnu.avr.deviceinfo
                0x00000000       0x40
 .note.gnu.avr.deviceinfo
                0x00000000       0x40 C:/Program Files (x86)/Atmel/Studio/7.0/Packs/atmel/ATtiny_DFP/2.0.368/gcc/dev/attiny1624/avrxmega3/crtattiny1624.o

.note.gnu.build-id
 *(.note.gnu.build-id)

.debug
 *(.debug)

.line
 *(.line)

.debug_srcinfo
 *(.debug_srcinfo)

.debug_sfnames
 *(.debug_sfnames)

.debug_aranges  0x00000000      0x1b8
 *(.debug_aranges)
 .debug_aranges
                0x00000000       0x28 ADC.o
 .debug_aranges
                0x00000028       0x60 Cosmos.o
 .debug_aranges
                0x00000088       0x20 Elevation.o
 .debug_aranges
                0x000000a8       0x30 Filter.o
 .debug_aranges
                0x000000d8       0x20 GPIO.o
 .debug_aranges
                0x000000f8       0x20 main.o
 .debug_aranges
                0x00000118       0x30 RTC.o
 .debug_aranges
                0x00000148       0x30 Sensor32.o
 .debug_aranges
                0x00000178       0x40 USART.o

.debug_pubnames
 *(.debug_pubnames)

.debug_info     0x00000000     0x4b48
 *(.debug_info .gnu.linkonce.wi.*)
 .debug_info    0x00000000     0x1b84 C:/Program Files (x86)/Atmel/Studio/7.0/Packs/atmel/ATtiny_DFP/2.0.368/gcc/dev/attiny1624/avrxmega3/crtattiny1624.o
 .debug_info    0x00001b84      0x6a9 ADC.o
 .debug_info    0x0000222d      0x871 Cosmos.o
 .debug_info    0x00002a9e      0x52d Elevation.o
 .debug_info    0x00002fcb      0x479 Filter.o
 .debug_info    0x00003444      0x391 GPIO.o
 .debug_info    0x000037d5      0x2f6 main.o
 .debug_info    0x00003acb      0x4a5 RTC.o
 .debug_info    0x00003f70      0x71a Sensor32.o
 .debug_info    0x0000468a      0x4be USART.o

.debug_abbrev   0x00000000     0x2775
 *(.debug_abbrev)
 .debug_abbrev  0x00000000     0x1a0e C:/Program Files (x86)/Atmel/Studio/7.0/Packs/atmel/ATtiny_DFP/2.0.368/gcc/dev/attiny1624/avrxmega3/crtattiny1624.o
 .debug_abbrev  0x00001a0e      0x13c ADC.o
 .debug_abbrev  0x00001b4a      0x1ae Cosmos.o
 .debug_abbrev  0x00001cf8      0x152 Elevation.o
 .debug_abbrev  0x00001e4a      0x1a2 Filter.o
 .debug_abbrev  0x00001fec       0xbc GPIO.o
 .debug_abbrev  0x000020a8       0xc9 main.o
 .debug_abbrev  0x00002171      0x18f RTC.o
 .debug_abbrev  0x00002300      0x23f Sensor32.o
 .debug_abbrev  0x0000253f      0x236 USART.o

.debug_line     0x00000000     0x14bc
 *(.debug_line .debug_line.* .debug_line_end)
 .debug_line    0x00000000      0x14b C:/Program Files (x86)/Atmel/Studio/7.0/Packs/atmel/ATtiny_DFP/2.0.368/gcc/dev/attiny1624/avrxmega3/crtattiny1624.o
 .debug_line    0x0000014b      0x181 ADC.o
 .debug_line    0x000002cc      0x30d Cosmos.o
 .debug_line    0x000005d9      0x2ef Elevation.o
 .debug_line    0x000008c8      0x1e0 Filter.o
 .debug_line    0x00000aa8      0x146 GPIO.o
 .debug_line    0x00000bee      0x15a main.o
 .debug_line    0x00000d48      0x1f8 RTC.o
 .debug_line    0x00000f40      0x342 Sensor32.o
 .debug_line    0x00001282      0x23a USART.o

.debug_frame    0x00000000      0x680
 *(.debug_frame)
 .debug_frame   0x00000000       0x34 ADC.o
 .debug_frame   0x00000034      0x258 Cosmos.o
 .debug_frame   0x0000028c       0x84 Elevation.o
 .debug_frame   0x00000310       0xc8 Filter.o
 .debug_frame   0x000003d8       0x24 GPIO.o
 .debug_frame   0x000003fc       0x94 main.o
 .debug_frame   0x00000490       0x90 RTC.o
 .debug_frame   0x00000520       0xe8 Sensor32.o
 .debug_frame   0x00000608       0x78 USART.o

.debug_str      0x00000000     0x224c
 *(.debug_str)
 .debug_str     0x00000000      0xbcd C:/Program Files (x86)/Atmel/Studio/7.0/Packs/atmel/ATtiny_DFP/2.0.368/gcc/dev/attiny1624/avrxmega3/crtattiny1624.o
 .debug_str     0x00000bcd      0x98f ADC.o
                                0x9f4 (size before relaxing)
 .debug_str     0x0000155c      0x25b Cosmos.o
                                0x44d (size before relaxing)
 .debug_str     0x000017b7       0xf6 Elevation.o
                                0x2c7 (size before relaxing)
 .debug_str     0x000018ad      0x101 Filter.o
                                0x36b (size before relaxing)
 .debug_str     0x000019ae      0x1c7 GPIO.o
                                0x3b2 (size before relaxing)
 .debug_str     0x00001b75       0x33 main.o
                                0x2d0 (size before relaxing)
 .debug_str     0x00001ba8      0x2ae RTC.o
                                0x4e7 (size before relaxing)
 .debug_str     0x00001e56      0x100 Sensor32.o
                                0x4ff (size before relaxing)
 .debug_str     0x00001f56      0x2f6 USART.o
                                0x4ef (size before relaxing)

.debug_loc      0x00000000     0x1eed
 *(.debug_loc)
 .debug_loc     0x00000000       0x21 ADC.o
 .debug_loc     0x00000021      0xcca Cosmos.o
 .debug_loc     0x00000ceb      0x5c7 Elevation.o
 .debug_loc     0x000012b2      0x38c Filter.o
 .debug_loc     0x0000163e      0x1f6 main.o
 .debug_loc     0x00001834      0x113 RTC.o
 .debug_loc     0x00001947      0x4bc Sensor32.o
 .debug_loc     0x00001e03       0xea USART.o

.debug_macinfo
 *(.debug_macinfo)

.debug_weaknames
 *(.debug_weaknames)

.debug_funcnames
 *(.debug_funcnames)

.debug_typenames
 *(.debug_typenames)

.debug_varnames
 *(.debug_varnames)

.debug_pubtypes
 *(.debug_pubtypes)

.debug_ranges   0x00000000      0x1b8
 *(.debug_ranges)
 .debug_ranges  0x00000000       0x18 ADC.o
 .debug_ranges  0x00000018       0x50 Cosmos.o
 .debug_ranges  0x00000068       0x10 Elevation.o
 .debug_ranges  0x00000078       0x38 Filter.o
 .debug_ranges  0x000000b0       0x10 GPIO.o
 .debug_ranges  0x000000c0       0x10 main.o
 .debug_ranges  0x000000d0       0x20 RTC.o
 .debug_ranges  0x000000f0       0x98 Sensor32.o
 .debug_ranges  0x00000188       0x30 USART.o

.debug_macro
 *(.debug_macro)
OUTPUT(Attiny1624 SUN sensor v2.elf elf32-avr)
LOAD linker stubs
